
Memory Configuration

Name             Origin             Length             Attributes
FLASH            0x0000000008000000 0x0000000000080000 xr
RAM              0x0000000020000000 0x0000000000020000 rw
*default*        0x0000000000000000 0xffffffffffffffff

Linker script and memory map

LOAD startup.o
LOAD obj/main.o

.text           0x0000000008000000      0x340
 *(.ivh_addrs)
 .ivh_addrs     0x0000000008000000      0x1c4 startup.o
                0x0000000008000000                isr_vertor
 *(.text)
 .text          0x00000000080001c4       0x94 startup.o
                0x00000000080001c4                Reset_Handler
                0x0000000008000250                RTC_Alarm_IRQHandler
                0x0000000008000250                EXTI2_IRQHandler
                0x0000000008000250                TIM8_CC_IRQHandler
                0x0000000008000250                DebugMon_Handler
                0x0000000008000250                FMPI2C1_EV_IRQHandler
                0x0000000008000250                SPI4_IRQHandler
                0x0000000008000250                TIM1_CC_IRQHandler
                0x0000000008000250                DMA2_Stream5_IRQHandler
                0x0000000008000250                HardFault_Handler
                0x0000000008000250                DMA1_Stream5_IRQHandler
                0x0000000008000250                SysTick_Handler
                0x0000000008000250                PVD_IRQHandler
                0x0000000008000250                SDIO_IRQHandler
                0x0000000008000250                TAMP_STAMP_IRQHandler
                0x0000000008000250                PendSV_Handler
                0x0000000008000250                NMI_Handler
                0x0000000008000250                CAN2_RX1_IRQHandler
                0x0000000008000250                EXTI3_IRQHandler
                0x0000000008000250                TIM8_TRG_COM_TIM14_IRQHandler
                0x0000000008000250                TIM1_UP_TIM10_IRQHandler
                0x0000000008000250                TIM8_UP_TIM13_IRQHandler
                0x0000000008000250                I2C3_ER_IRQHandler
                0x0000000008000250                EXTI0_IRQHandler
                0x0000000008000250                I2C2_EV_IRQHandler
                0x0000000008000250                DMA1_Stream2_IRQHandler
                0x0000000008000250                CAN1_RX0_IRQHandler
                0x0000000008000250                FPU_IRQHandler
                0x0000000008000250                OTG_HS_WKUP_IRQHandler
                0x0000000008000250                UsageFault_Handler
                0x0000000008000250                CAN2_SCE_IRQHandler
                0x0000000008000250                DMA2_Stream2_IRQHandler
                0x0000000008000250                SPI1_IRQHandler
                0x0000000008000250                TIM6_DAC_IRQHandler
                0x0000000008000250                TIM1_BRK_TIM9_IRQHandler
                0x0000000008000250                DCMI_IRQHandler
                0x0000000008000250                CAN2_RX0_IRQHandler
                0x0000000008000250                DMA2_Stream3_IRQHandler
                0x0000000008000250                SAI2_IRQHandler
                0x0000000008000250                USART6_IRQHandler
                0x0000000008000250                USART3_IRQHandler
                0x0000000008000250                CAN1_RX1_IRQHandler
                0x0000000008000250                UART5_IRQHandler
                0x0000000008000250                DMA2_Stream0_IRQHandler
                0x0000000008000250                TIM4_IRQHandler
                0x0000000008000250                QUADSPI_IRQHandler
                0x0000000008000250                I2C1_EV_IRQHandler
                0x0000000008000250                DMA1_Stream6_IRQHandler
                0x0000000008000250                DMA1_Stream1_IRQHandler
                0x0000000008000250                UART4_IRQHandler
                0x0000000008000250                TIM3_IRQHandler
                0x0000000008000250                RCC_IRQHandler
                0x0000000008000250                TIM8_BRK_TIM12_IRQHandler
                0x0000000008000250                Default_Handler
                0x0000000008000250                CEC_IRQHandler
                0x0000000008000250                EXTI15_10_IRQHandler
                0x0000000008000250                ADC_IRQHandler
                0x0000000008000250                DMA1_Stream7_IRQHandler
                0x0000000008000250                TIM7_IRQHandler
                0x0000000008000250                CAN2_TX_IRQHandler
                0x0000000008000250                TIM5_IRQHandler
                0x0000000008000250                DMA2_Stream7_IRQHandler
                0x0000000008000250                I2C3_EV_IRQHandler
                0x0000000008000250                EXTI9_5_IRQHandler
                0x0000000008000250                RTC_WKUP_IRQHandler
                0x0000000008000250                SPDIF_RX_IRQHandler
                0x0000000008000250                SPI2_IRQHandler
                0x0000000008000250                OTG_HS_EP1_IN_IRQHandler
                0x0000000008000250                MemManage_Handler
                0x0000000008000250                DMA1_Stream0_IRQHandler
                0x0000000008000250                CAN1_TX_IRQHandler
                0x0000000008000250                SVC_Handler
                0x0000000008000250                FMPI2C1_ER_IRQHandler
                0x0000000008000250                EXTI4_IRQHandler
                0x0000000008000250                OTG_HS_EP1_OUT_IRQHandler
                0x0000000008000250                WWDG_IRQHandler
                0x0000000008000250                TIM2_IRQHandler
                0x0000000008000250                OTG_FS_WKUP_IRQHandler
                0x0000000008000250                TIM1_TRG_COM_TIM11_IRQHandler
                0x0000000008000250                OTG_HS_IRQHandler
                0x0000000008000250                EXTI1_IRQHandler
                0x0000000008000250                USART2_IRQHandler
                0x0000000008000250                I2C2_ER_IRQHandler
                0x0000000008000250                DMA2_Stream1_IRQHandler
                0x0000000008000250                CAN1_SCE_IRQHandler
                0x0000000008000250                FLASH_IRQHandler
                0x0000000008000250                DMA2_Stream4_IRQHandler
                0x0000000008000250                BusFault_Handler
                0x0000000008000250                USART1_IRQHandler
                0x0000000008000250                OTG_FS_IRQHandler
                0x0000000008000250                SPI3_IRQHandler
                0x0000000008000250                DMA1_Stream4_IRQHandler
                0x0000000008000250                I2C1_ER_IRQHandler
                0x0000000008000250                FMC_IRQHandler
                0x0000000008000250                DMA2_Stream6_IRQHandler
                0x0000000008000250                SAI1_IRQHandler
                0x0000000008000250                DMA1_Stream3_IRQHandler
 .text          0x0000000008000258       0xe8 obj/main.o
                0x0000000008000258                gpio_setup
                0x000000000800029c                custom_main
 *(.rodata)
                0x0000000008000340                . = ALIGN (0x4)
                0x0000000008000340                _etext = .

.glue_7         0x0000000008000340        0x0
 .glue_7        0x0000000008000340        0x0 linker stubs

.glue_7t        0x0000000008000340        0x0
 .glue_7t       0x0000000008000340        0x0 linker stubs

.vfp11_veneer   0x0000000008000340        0x0
 .vfp11_veneer  0x0000000008000340        0x0 linker stubs

.v4_bx          0x0000000008000340        0x0
 .v4_bx         0x0000000008000340        0x0 linker stubs

.iplt           0x0000000008000340        0x0
 .iplt          0x0000000008000340        0x0 startup.o

.rel.dyn        0x0000000008000340        0x0
 .rel.iplt      0x0000000008000340        0x0 startup.o

.data           0x0000000020000000        0x0 load address 0x0000000008000340
                0x0000000020000000                _sdata = .
 *(.data)
 .data          0x0000000020000000        0x0 startup.o
 .data          0x0000000020000000        0x0 obj/main.o
                0x0000000020000000                . = ALIGN (0x4)
                0x0000000020000000                _edata = .

.igot.plt       0x0000000020000000        0x0 load address 0x0000000008000340
 .igot.plt      0x0000000020000000        0x0 startup.o

.bss            0x0000000020000000        0x0 load address 0x0000000008000340
                0x0000000020000000                _sbss = .
 *(.bss)
 .bss           0x0000000020000000        0x0 startup.o
 .bss           0x0000000020000000        0x0 obj/main.o
 *(.common)
                0x0000000020000000                . = ALIGN (0x4)
                0x0000000020000000                _ebss = .
OUTPUT(build/build.elf elf32-littlearm)
LOAD linker stubs

.comment        0x0000000000000000       0x1e
 .comment       0x0000000000000000       0x1e startup.o
                                         0x1f (size before relaxing)
 .comment       0x000000000000001e       0x1f obj/main.o

.ARM.attributes
                0x0000000000000000       0x2e
 .ARM.attributes
                0x0000000000000000       0x2e startup.o
 .ARM.attributes
                0x000000000000002e       0x2e obj/main.o
